VendingMachine
Key                                                   Value
Other Key                                     Another Value

