Key                                                 A Value
Key2                                      A Different Value

